{
    "Item1":{
        "IndevBasePath":"http://www.nice.org.uk",
        "Consultations":[
            {
                "Title":null,
                "StartDate":"0001-01-01T00:00:00",
                "EndDate":"0001-01-01T00:00:00",
                "SubmissionCount":null,
                "ConsultationId":1,
                "DocumentId":null,
                "ChapterSlug":null,
                "GidReference":null,
                "ProductTypeName":null,
                "HasCurrentUserEnteredCommentsOrAnsweredQuestions":true,
                "HasCurrentUserSubmittedCommentsOrAnswers":true,
                "AllowedRole":null,
                "IsOpen":false,
                "IsClosed":true,
                "IsUpcoming":false,
                "Show":true,
                "OrganisationCodes":[
                    
                ],
                "ShowShareWithOrganisationButton":false
            },
            {
                "Title":null,
                "StartDate":"0001-01-01T00:00:00",
                "EndDate":"0001-01-01T00:00:00",
                "SubmissionCount":null,
                "ConsultationId":2,
                "DocumentId":null,
                "ChapterSlug":null,
                "GidReference":null,
                "ProductTypeName":null,
                "HasCurrentUserEnteredCommentsOrAnsweredQuestions":false,
                "HasCurrentUserSubmittedCommentsOrAnswers":false,
                "AllowedRole":null,
                "IsOpen":false,
                "IsClosed":true,
                "IsUpcoming":false,
                "Show":false,
                "OrganisationCodes":[
                    
                ],
                "ShowShareWithOrganisationButton":false
            }
        ],
        "OptionFilters":[
            {
                "Options":[
                    {
                        "Id":"Open",
                        "Label":"Open",
                        "IsSelected":false,
                        "FilteredResultCount":0,
                        "UnfilteredResultCount":2
                    },
                    {
                        "Id":"Closed",
                        "Label":"Closed",
                        "IsSelected":false,
                        "FilteredResultCount":2,
                        "UnfilteredResultCount":2
                    }
                ],
                "Id":"Status",
                "Title":"Status"
            }
        ],
        "TextFilter":{
            "FilterText":null,
            "IsSelected":false,
            "FilteredResultCount":2,
            "UnfilteredResultCount":2,
            "Id":"Keyword",
            "Title":"Keyword"
        },
        "ContributionFilter":[
            {
                "Options":[
                    {
                        "Id":"HasContributed",
                        "Label":"Your responses",
                        "IsSelected":true,
                        "FilteredResultCount":1,
                        "UnfilteredResultCount":2
                    }
                ],
                "Id":"Contribution",
                "Title":"Contribution filter group"
            }
        ],
        "TeamFilter":null,
        "User":{
            "IsAdminUser":false,
            "IsTeamUser":false,
            "TeamNames":[
                
            ],
            "IsAuthorised":true,
            "DisplayName":"Benjamin Button",
            "UserId":"00000000-0000-0000-0000-000000000000",
            "OrganisationName":null
        },
        "InitialPageView":false,
        "Status":[
            
        ],
        "Keyword":null,
        "Contribution":[
            "HasContributed"
        ],
        "Team":null
    },
    "Item2":{
        "Valid":true,
        "Unauthorised":false,
        "NotFound":false,
        "Message":null
    }
}