{
    "requestedPath":"/consultations/api/Chapter",
    "errorException":{
        "ClassName":"System.ArgumentException",
        "Message":"Invalid consultation id",
        "Data":null,
        "InnerException":null,
        "HelpURL":null,
        "StackTraceString":"   at NICE.Feeds.FeedService.GetConsultationChapterForPublishedProject(Int32 consultationId, Int32 documentId, String chapterSlug)\r\n   at Comments.Services.ConsultationService.GetChapterContent(Int32 consultationId, Int32 documentId, String chapterSlug) in C:\\_src\\consultations\\Comments\\Services\\ConsultationService.cs:line 64\r\n   at Comments.Controllers.Api.ChapterController.Get(Int32 consultationId, Int32 documentId, String chapterSlug) in C:\\_src\\consultations\\Comments\\Controllers\\Api\\ChapterController.cs:line 36\r\n   at lambda_method(Closure , Object , Object[
            
        ] )\r\n   at Microsoft.AspNetCore.Mvc.Internal.ActionMethodExecutor.SyncObjectResultExecutor.Execute(IActionResultTypeMapper mapper, ObjectMethodExecutor executor, Object controller, Object[
            
        ] arguments)\r\n   at Microsoft.AspNetCore.Mvc.Internal.ControllerActionInvoker.InvokeActionMethodAsync()\r\n   at Microsoft.AspNetCore.Mvc.Internal.ControllerActionInvoker.InvokeNextActionFilterAsync()\r\n   at Microsoft.AspNetCore.Mvc.Internal.ControllerActionInvoker.Rethrow(ActionExecutedContext context)\r\n   at Microsoft.AspNetCore.Mvc.Internal.ControllerActionInvoker.Next(State& next, Scope& scope, Object& state, Boolean& isCompleted)\r\n   at Microsoft.AspNetCore.Mvc.Internal.ControllerActionInvoker.InvokeInnerFilterAsync()\r\n   at Microsoft.AspNetCore.Mvc.Internal.ResourceInvoker.InvokeNextResourceFilter()\r\n   at Microsoft.AspNetCore.Mvc.Internal.ResourceInvoker.Rethrow(ResourceExecutedContext context)\r\n   at Microsoft.AspNetCore.Mvc.Internal.ResourceInvoker.Next(State& next, Scope& scope, Object& state, Boolean& isCompleted)\r\n   at Microsoft.AspNetCore.Mvc.Internal.ResourceInvoker.InvokeFilterPipelineAsync()\r\n   at Microsoft.AspNetCore.Mvc.Internal.ResourceInvoker.InvokeAsync()\r\n   at Microsoft.AspNetCore.Builder.RouterMiddleware.Invoke(HttpContext httpContext)\r\n   at Microsoft.AspNetCore.Authentication.AuthenticationMiddleware.Invoke(HttpContext context)\r\n   at Microsoft.AspNetCore.Cors.Infrastructure.CorsMiddleware.Invoke(HttpContext context)\r\n   at Microsoft.AspNetCore.Diagnostics.StatusCodePagesMiddleware.Invoke(HttpContext context)\r\n   at Microsoft.AspNetCore.Diagnostics.ExceptionHandlerMiddleware.Invoke(HttpContext context)",
        "RemoteStackTraceString":null,
        "RemoteStackIndex":0,
        "ExceptionMethod":null,
        "HResult":-2147024809,
        "Source":"NICE.Feeds",
        "WatsonBuckets":null,
        "ParamName":"consultationId"
    },
    "isAuthenticated":true,
    "accountsEnvironment":"live",
    "globalNavScript":null,
    "globalNavScriptIE8":null,
    "linkText":"Sign out",
    "linkURL":"/consultations/account/logout",
    "displayName":"",
    "cookieBannerScript":"//a-fake-cookiebannerscript-url"
}