{
    "content":null,
    "sections":null,
    "slug":null,
    "title":"For consultation comments"
}