// Jest Snapshot v1, https://goo.gl/fbAQLP

exports[`[ClientApp]  NestedStackedNav  should match the snapshot 1`] = `
<nav
  className="stacked-nav NestedStackedNav"
>
  <ul
    className="stacked-nav__list"
  >
    <li
      className="grid grid--gutterless stacked-nav__list-item"
    >
      <a
        aria-current="page"
        href="/admin/questions/1/0"
        onClick={[Function]}
      >
        <span
          data-g="11"
        >
          consultation name
        </span>
        <span
          className="text-right"
          data-g="1"
        >
          (
          1
          )
        </span>
      </a>
      <ul
        className="stacked-nav__list"
      >
        <li
          className="grid grid--gutterless stacked-nav__list-item"
        >
          <a
            aria-current={null}
            href="/admin/questions/1/1"
            onClick={[Function]}
          >
            <span
              data-g="11"
            >
              consultation doc 1
            </span>
            <span
              className="text-right"
              data-g="1"
            >
              (
              1
              )
            </span>
          </a>
        </li>
        <li
          className="grid grid--gutterless stacked-nav__list-item"
        >
          <a
            aria-current={null}
            href="/admin/questions/1/2"
            onClick={[Function]}
          >
            <span
              data-g="11"
            >
              consultation doc 2
            </span>
            <span
              className="text-right"
              data-g="1"
            >
              (
              1
              )
            </span>
          </a>
        </li>
        <li
          className="grid grid--gutterless stacked-nav__list-item"
        >
          <a
            aria-current={null}
            href="/admin/questions/1/3"
            onClick={[Function]}
          >
            <span
              data-g="11"
            >
              consultation doc 3
            </span>
            <span
              className="text-right"
              data-g="1"
            >
              (
              1
              )
            </span>
          </a>
        </li>
        <li
          className="grid grid--gutterless stacked-nav__list-item"
        >
          <a
            aria-current={null}
            href="/admin/questions/1/4"
            onClick={[Function]}
          >
            <span
              data-g="11"
            >
              consultation doc 4
            </span>
            <span
              className="text-right"
              data-g="1"
            >
              (
              1
              )
            </span>
          </a>
        </li>
      </ul>
    </li>
  </ul>
</nav>
`;
