{
    "reference":"GID-TA10232",
    "title":"For consultation comments",
    "consultationName":"Appraisal consultation",
    "startDate":"2018-04-01T00:00:00",
    "endDate":"2018-05-31T17:00:00",
    "consultationType":"Appraisal consultation",
    "resourceTitleId":null,
    "projectType":"TA",
    "productTypeName":"Technology appraisal guidance",
    "developedAs":null,
    "relevantTo":null,
    "consultationId":1,
    "process":"TAG",
    "allowConsultationComments":true,
    "partiallyUpdatedProjectReference":null,
    "origProjectReference":null,
    "user":{
        "isLoggedIn":false,
        "displayName":null,
        "userId":null
    }
}