{
    "requestedPath":"/consultations/api/Consultation",
    "errorException":{
        "ClassName":"System.ArgumentException",
        "Message":"consultationId",
        "Data":null,
        "InnerException":null,
        "HelpURL":null,
        "StackTraceString":"scrubbed by ScrubStackTraceString",
        "RemoteStackTraceString":null,
        "RemoteStackIndex":0,
        "ExceptionMethod":null,
        "HResult":-2147024809,
        "Source":"Comments",
        "WatsonBuckets":null,
        "ParamName":null
    },
    "isAuthenticated":true,
    "accountsEnvironment":"live",
    "globalNavScript":null,
    "globalNavScriptIE8":null,
    "linkText":"Sign out",
    "linkURL":"/consultations/account/logout",
    "displayName":"",
    "cookieBannerScript":"//a-fake-cookiebannerscript-url"
}