{
    "reference":"GID-TA10232",
    "title":"For consultation comments",
    "consultationName":"Appraisal consultation",
    "startDate":"2018-04-01T00:00:00",
    "endDate":"2028-05-31T17:00:00",
    "consultationType":"Appraisal consultation",
    "resourceTitleId":null,
    "projectType":"TA",
    "productTypeName":"Technology appraisal guidance",
    "showExpressionOfInterestSubmissionQuestion":true,
    "developedAs":null,
    "relevantTo":null,
    "consultationId":1,
    "process":"TAG",
    "hasDocumentsWhichAllowConsultationComments":false,
    "partiallyUpdatedProjectReference":null,
    "origProjectReference":null,
    "user":{
        "isAuthenticated":true,
        "displayName":"Benjamin Button",
        "userId":"00000000-0000-0000-0000-000000000000",
        "organisationsAssignedAsLead":[
            
        ],
        "validatedSessions":[
            
        ],
        "validatedOrganisationUserIds":[
            
        ]
    },
    "consultationState":{
        "startDate":"2018-04-01T00:00:00",
        "endDate":"2028-05-31T17:00:00",
        "hasQuestions":false,
        "hasUserSuppliedAnswers":false,
        "hasUserSuppliedComments":false,
        "submittedDate":null,
        "documentIdsWhichSupportComments":[
            2,
            2
        ],
        "hasAnyDocumentsSupportingComments":true,
        "consultationIsOpen":true,
        "consultationHasNotStartedYet":false,
        "consultationHasEnded":false,
        "supportsSubmission":false,
        "supportsDownload":false,
        "shouldShowDrawer":true,
        "shouldShowCommentsTab":true,
        "shouldShowQuestionsTab":false
    },
    "breadcrumbs":[
        {
            "label":"Home",
            "url":"/",
            "localRoute":false
        },
        {
            "label":"All consultations",
            "url":"/guidance/inconsultation",
            "localRoute":false
        },
        {
            "label":"Consultation responses",
            "url":"/",
            "localRoute":true
        },
        {
            "label":"For consultation comments",
            "url":"/guidance/indevelopment/gid-ta10232/consultation/",
            "localRoute":false
        }
    ],
    "filters":null
}