{
    "reference":"GID-TA10232",
    "title":"For consultation comments",
    "consultationName":"Appraisal consultation",
    "startDate":"2018-04-01T00:00:00",
    "endDate":"2028-05-31T17:00:00",
    "consultationType":"Appraisal consultation",
    "resourceTitleId":null,
    "projectType":"TA",
    "productTypeName":"Technology appraisal guidance",
    "showExpressionOfInterestSubmissionQuestion":true,
    "developedAs":null,
    "relevantTo":null,
    "consultationId":1,
    "process":"TAG",
    "hasDocumentsWhichAllowConsultationComments":false,
    "partiallyUpdatedProjectReference":null,
    "origProjectReference":null,
    "user":{
        "isAuthorised":true,
        "displayName":"Benjamin Button",
        "userId":"00000000-0000-0000-0000-000000000000",
        "organisationName":null
    },
    "consultationState":{
        "startDate":"2018-04-01T00:00:00",
        "endDate":"2028-05-31T17:00:00",
        "hasQuestions":false,
        "hasUserSuppliedAnswers":false,
        "hasUserSuppliedComments":false,
        "submittedDate":null,
        "documentIdsWhichSupportComments":[
            
        ],
        "hasAnyDocumentsSupportingComments":false,
        "consultationIsOpen":true,
        "consultationHasNotStartedYet":false,
        "consultationHasEnded":false,
        "supportsSubmission":false,
        "supportsDownload":false,
        "shouldShowDrawer":false,
        "shouldShowCommentsTab":false,
        "shouldShowQuestionsTab":false
    },
    "breadcrumbs":null,
    "filters":null
}