// Jest Snapshot v1, https://goo.gl/fbAQLP

exports[`[ClientApp]  ReviewPage Component should match snapshot with supplied data 1`] = `
<div
  className="container"
>
  <div
    className="grid"
  >
    <div
      data-g="12"
    >
      <aside
        className="phase-banner mt--b"
      >
        <span
          className="phase-banner__tag"
        >
          <span
            className="tag tag--impact tag--agile"
          >
            beta
          </span>
        </span>
        <span
          className="phase-banner__label"
        >
          NICE Consultations
           is in development which means that some features may not work fully.
           
          <a
            href="https://github.com/nhsevidence/consultations"
            rel="noopener noreferrer"
            target="_blank"
          >
            Report an issue
          </a>
        </span>
      </aside>
      <nav
        aria-label="Breadcrumbs"
      >
        <p
          className="visually-hidden"
        >
          You are here:
        </p>
        <ol
          className="breadcrumbs"
          itemScope={true}
          itemType="http://schema.org/BreadcrumbList"
        >
          <li
            className="breadcrumbs__crumb"
            itemProp="itemListElement"
            itemScope={true}
            itemType="http://schema.org/ListItem"
          >
            <a
              href="https://alpha.nice.org.uk/guidance/inconsultation"
            >
              All Consultations
            </a>
            <meta
              content={0}
              itemProp="position"
            />
          </li>
          <li
            className="breadcrumbs__crumb"
            itemProp="itemListElement"
            itemScope={true}
            itemType="http://schema.org/ListItem"
          >
            <a
              href="https://alpha.nice.org.uk/guidance/indevelopment/gid-dg10046/consultation/html-content"
            >
              Consultation
            </a>
            <meta
              content={1}
              itemProp="position"
            />
          </li>
          <li
            className="breadcrumbs__crumb"
            itemProp="itemListElement"
            itemScope={true}
            itemType="http://schema.org/ListItem"
          >
            <a
              href="/1/0"
              itemProp="name"
              onClick={[Function]}
            >
              Documents
            </a>
            <meta
              content={2}
              itemProp="position"
            />
          </li>
        </ol>
      </nav>
      <main
        role="main"
      >
        <div
          className="page-header"
        >
          <undefined />
          <h2
            className="mt--0"
          >
            Comments for review
          </h2>
          <div
            className="grid"
            onScroll={[Function]}
            onTouchEnd={[Function]}
            onTouchMove={[Function]}
            onTouchStart={[Function]}
          >
            <div
              data-g="12 md:3"
            >
              <nav
                aria-label="View comments by document"
                className="stacked-nav"
              >
                <h2
                  className="stacked-nav__root"
                >
                  View comments by document
                </h2>
                <ul
                  className="stacked-nav__list"
                >
                  <li
                    className="stacked-nav__list-item"
                  >
                    <a
                      aria-current="false"
                      href="/1/review"
                      onClick={[Function]}
                    >
                      All document comments
                    </a>
                  </li>
                  <li
                    className="stacked-nav__list-item"
                  >
                    <a
                      aria-current="false"
                      href="/1/review?sourceURI=undefined"
                      onClick={[Function]}
                    >
                      Unstable angina and NSTEMI
                    </a>
                  </li>
                  <li
                    className="stacked-nav__list-item"
                  >
                    <a
                      aria-current="false"
                      href="/1/review?sourceURI=undefined"
                      onClick={[Function]}
                    >
                      Sinusitis (acute): antimicrobial prescribing
                    </a>
                  </li>
                  <li
                    className="stacked-nav__list-item"
                  >
                    <a
                      aria-current="false"
                      href="/1/review?sourceURI=undefined"
                      onClick={[Function]}
                    />
                  </li>
                  <li
                    className="stacked-nav__list-item"
                  >
                    <a
                      aria-current="false"
                      href="/1/review?sourceURI=undefined"
                      onClick={[Function]}
                    />
                  </li>
                  <li
                    className="stacked-nav__list-item"
                  >
                    <a
                      aria-current="false"
                      href="/1/review?sourceURI=undefined"
                      onClick={[Function]}
                    >
                      Unstable angina and NSTEMI
                    </a>
                  </li>
                  <li
                    className="stacked-nav__list-item"
                  >
                    <a
                      aria-current="false"
                      href="/1/review?sourceURI=undefined"
                      onClick={[Function]}
                    />
                  </li>
                  <li
                    className="stacked-nav__list-item"
                  >
                    <a
                      aria-current="false"
                      href="/1/review?sourceURI=undefined"
                      onClick={[Function]}
                    />
                  </li>
                </ul>
              </nav>
            </div>
            <div
              data-g="12 md:6"
            >
              <h3
                className="mt--0"
              >
                Comments
              </h3>
              <div>
                <p>
                  Loading...
                </p>
              </div>
            </div>
            <div
              data-g="12 md:3"
            >
              <undefined />
            </div>
          </div>
        </div>
      </main>
    </div>
  </div>
</div>
`;
