// Jest Snapshot v1, https://goo.gl/fbAQLP

exports[`[ClientApp]  Question administration Component should match the supplied snapshot 1`] = `null`;
