{
    "organisationAuthorisationId":"scrubbed by ScrubOrganisationAuthorisationId",
    "organisationId":1,
    "organisationName":"Test org",
    "canGenerateCollationCode":false,
    "collationCode":"1234 1234 1234"
}