{
    "organisationAuthorisationId":"scrubbed by ScrubUserId",
    "organisationId":1,
    "organisationName":"NICE",
    "canGenerateCollationCode":false,
    "collationCode":"1234 1234 1234"
}