{
    "signInURL":"/signin?returnURL=/",
    "registerURL":"todo:register url",
    "isLoggedIn":true,
    "displayName":"Benjamin Button",
    "userId":"00000000-0000-0000-0000-000000000000"
}