{
    "signInURL":"/signin?returnURL=/",
    "registerURL":"/register?returnURL=/",
    "isAuthorised":true,
    "displayName":"Quentin Taratino",
    "userId":"00000000-0000-0000-0000-000000000000"
}