{
    "validatedOrganisationUserIds":[
        
    ],
    "validatedSession":{
        "sessionCookies":{
            
        }
    },
    "signInURL":"/consultations/account/login?returnURL=%2Fconsultations%2F1%2F1%2Fintroduction",
    "registerURL":"/consultations/account/login?returnURL=%2Fconsultations%2F1%2F1%2Fintroduction&goToRegisterPage=True",
    "isAuthenticated":true,
    "displayName":"Quentin Tarantino",
    "userId":"00000000-0000-0000-0000-000000000000",
    "organisationsAssignedAsLead":[
        {
            "organisationId":1,
            "organisationName":"NICE",
            "isLead":true
        }
    ],
    "isAuthenticatedByAccounts":true
}