{
    "signInURL":"/signin?returnURL=/",
    "registerURL":"/register?returnURL=/",
    "isAuthorised":false,
    "displayName":null,
    "userId":null,
    "organisationName":null
}