{
    "signInURL":"/signin?returnURL=/",
    "registerURL":"todo:register url",
    "isAuthorised":false,
    "displayName":null,
    "userId":null
}