{
    "answerId":"scrubbed by ScrubAnswerId",
    "answerText":"00000000-0000-0000-0000-000000000000",
    "answerBoolean":null,
    "questionId":"scrubbed by ScrubQuestionId",
    "lastModifiedDate":"scrubbed by ScrubLastModifiedDate",
    "lastModifiedByUserId":"00000000-0000-0000-0000-000000000000",
    "statusId":1,
    "status":{
        "statusId":1,
        "name":"Draft"
    },
    "sourceURI":"consultations://./consultation/1/document/1/chapter/introduction"
}