{
    "comments":[
        
    ],
    "questions":[
        
    ],
    "isAuthorised":true,
    "signInURL":"/signin?returnURL=/",
    "consultationState":{
        "startDate":"0001-01-01T00:00:00",
        "endDate":"9999-12-31T23:59:59.9999999",
        "hasQuestions":true,
        "hasUserSuppliedAnswers":true,
        "hasUserSuppliedComments":true,
        "userHasSubmitted":true,
        "consultationIsOpen":true,
        "consultationHasNotStartedYet":false,
        "consultationHasEnded":false,
        "supportsSubmission":false,
        "supportsDownload":true
    }
}