{
    "comments":[
        {
            "commentId":1,
            "lastModifiedDate":"0001-01-01T00:00:00",
            "lastModifiedByUserId":"00000000-0000-0000-0000-000000000000",
            "commentText":"comment text",
            "locationId":1,
            "sourceURI":"/consultations/1/1/introduction",
            "htmlElementID":null,
            "rangeStart":null,
            "rangeStartOffset":null,
            "rangeEnd":null,
            "rangeEndOffset":null,
            "quote":null
        },
        {
            "commentId":2,
            "lastModifiedDate":"0001-01-01T00:00:00",
            "lastModifiedByUserId":"00000000-0000-0000-0000-000000000000",
            "commentText":"comment text",
            "locationId":2,
            "sourceURI":"/consultations/1/1/introduction",
            "htmlElementID":null,
            "rangeStart":null,
            "rangeStartOffset":null,
            "rangeEnd":null,
            "rangeEndOffset":null,
            "quote":null
        },
        {
            "commentId":3,
            "lastModifiedDate":"0001-01-01T00:00:00",
            "lastModifiedByUserId":"00000000-0000-0000-0000-000000000000",
            "commentText":"comment text",
            "locationId":3,
            "sourceURI":"/consultations/1/1/introduction",
            "htmlElementID":null,
            "rangeStart":null,
            "rangeStartOffset":null,
            "rangeEnd":null,
            "rangeEndOffset":null,
            "quote":null
        }
    ],
    "questions":[
        
    ],
    "isAuthenticated":true
}