{
    "comments":[
        
    ],
    "questions":[
        {
            "questionId":13,
            "questionText":"404b1cb9-e00c-471e-a695-e4eee7c98ff4",
            "questionTypeId":15,
            "questionOrder":null,
            "lastModifiedByUserId":"00000000-0000-0000-0000-000000000000",
            "lastModifiedDate":"0001-01-01T00:00:00",
            "questionType":{
                "description":"text",
                "hasTextAnswer":true,
                "hasBooleanAnswer":false
            },
            "answers":[
                
            ],
            "locationId":28,
            "sourceURI":"/consultations/1/1/introduction",
            "htmlElementID":null,
            "rangeStart":null,
            "rangeStartOffset":null,
            "rangeEnd":null,
            "rangeEndOffset":null,
            "quote":null
        }
    ],
    "isAuthenticated":true
}