{
    "comments":[
        {
            "commentId":"scrubbed by ScrubCommentId",
            "lastModifiedDate":"scrubbed by ScrubLastModifiedDate",
            "lastModifiedByUserId":"00000000-0000-0000-0000-000000000000",
            "commentText":"comment text",
            "status":{
                "statusId":1,
                "name":"Draft"
            },
            "statusId":1,
            "commentOn":"Chapter",
            "commentId":"scrubbed by ScrubLocationId",
            "sourceURI":"consultations://./consultation/1/document/1/chapter/introduction",
            "htmlElementID":null,
            "rangeStart":null,
            "rangeStartOffset":null,
            "rangeEnd":null,
            "rangeEndOffset":null,
            "quote":null
        },
        {
            "commentId":"scrubbed by ScrubCommentId",
            "lastModifiedDate":"scrubbed by ScrubLastModifiedDate",
            "lastModifiedByUserId":"00000000-0000-0000-0000-000000000000",
            "commentText":"comment text",
            "status":{
                "statusId":1,
                "name":"Draft"
            },
            "statusId":1,
            "commentOn":"Chapter",
            "commentId":"scrubbed by ScrubLocationId",
            "sourceURI":"consultations://./consultation/1/document/1/chapter/introduction",
            "htmlElementID":null,
            "rangeStart":null,
            "rangeStartOffset":null,
            "rangeEnd":null,
            "rangeEndOffset":null,
            "quote":null
        },
        {
            "commentId":"scrubbed by ScrubCommentId",
            "lastModifiedDate":"scrubbed by ScrubLastModifiedDate",
            "lastModifiedByUserId":"00000000-0000-0000-0000-000000000000",
            "commentText":"comment text",
            "status":{
                "statusId":1,
                "name":"Draft"
            },
            "statusId":1,
            "commentOn":"Chapter",
            "commentId":"scrubbed by ScrubLocationId",
            "sourceURI":"consultations://./consultation/1/document/1/chapter/introduction",
            "htmlElementID":null,
            "rangeStart":null,
            "rangeStartOffset":null,
            "rangeEnd":null,
            "rangeEndOffset":null,
            "quote":null
        }
    ],
    "questions":[
        
    ],
    "isAuthorised":true,
    "signInURL":"/signin?returnURL=/",
    "consultationState":{
        "startDate":"2018-04-01T00:00:00",
        "endDate":"2028-05-31T17:00:00",
        "hasQuestions":false,
        "hasUserSuppliedAnswers":false,
        "hasUserSuppliedComments":false,
        "userHasSubmitted":false,
        "consultationIsOpen":true,
        "consultationHasNotStartedYet":false,
        "consultationHasEnded":false,
        "supportsSubmission":false,
        "supportsDownload":false
    }
}