[
    {
        "consultationId":54,
        "documentId":1,
        "convertedDocument":true,
        "supportsComments":true,
        "supportsQuestions":true,
        "title":"tophat_card.docx",
        "chapters":[
            {
                "slug":"tophatcarddocx",
                "title":"tophat_card.docx"
            }
        ],
        "href":"/guidance/GID-NG10168/documents/accessible-version",
        "sourceURI":"consultations://./consultation/54/document/1"
    },
    {
        "consultationId":54,
        "documentId":2,
        "convertedDocument":true,
        "supportsComments":true,
        "supportsQuestions":true,
        "title":"Return to work form 2017.docx",
        "chapters":[
            {
                "slug":"return-to-work-form-2017docx",
                "title":"Return to work form 2017.docx"
            }
        ],
        "href":"/guidance/GID-NG10168/documents/193",
        "sourceURI":"consultations://./consultation/54/document/2"
    },
    {
        "consultationId":54,
        "documentId":3,
        "convertedDocument":true,
        "supportsComments":true,
        "supportsQuestions":true,
        "title":"QA_checklist.docx",
        "chapters":[
            {
                "slug":"qachecklistdocx",
                "title":"QA_checklist.docx"
            }
        ],
        "href":"/guidance/GID-NG10168/documents/193-2",
        "sourceURI":"consultations://./consultation/54/document/3"
    },
    {
        "consultationId":54,
        "documentId":0,
        "convertedDocument":false,
        "supportsComments":false,
        "supportsQuestions":false,
        "title":"Addendum to draft scope",
        "chapters":null,
        "href":"/guidance/GID-NG10168/documents/addendum-to-draft-scope",
        "sourceURI":null
    },
    {
        "consultationId":54,
        "documentId":0,
        "convertedDocument":false,
        "supportsComments":false,
        "supportsQuestions":false,
        "title":"Addendum appendicies",
        "chapters":null,
        "href":"/guidance/GID-NG10168/documents/addendum-appendicies",
        "sourceURI":null
    },
    {
        "consultationId":54,
        "documentId":0,
        "convertedDocument":false,
        "supportsComments":false,
        "supportsQuestions":false,
        "title":"Draft scope",
        "chapters":null,
        "href":"/guidance/GID-NG10168/documents/draft-scope",
        "sourceURI":null
    },
    {
        "consultationId":54,
        "documentId":0,
        "convertedDocument":false,
        "supportsComments":false,
        "supportsQuestions":false,
        "title":"Database of treatment effects user guide",
        "chapters":null,
        "href":"/guidance/GID-NG10168/documents/database-of-treatment-effects-user-guide",
        "sourceURI":null
    },
    {
        "consultationId":54,
        "documentId":0,
        "convertedDocument":false,
        "supportsComments":false,
        "supportsQuestions":false,
        "title":"Database of treatment effects",
        "chapters":null,
        "href":"/guidance/GID-NG10168/documents/database-of-treatment-effects",
        "sourceURI":null
    },
    {
        "consultationId":54,
        "documentId":0,
        "convertedDocument":false,
        "supportsComments":false,
        "supportsQuestions":false,
        "title":"DOI",
        "chapters":null,
        "href":"/guidance/GID-NG10168/documents/97",
        "sourceURI":null
    }
]