{"title":"todo: title (and a bunch of other data) comes from the indev consultation feed","locations":[]}