
<!DOCTYPE html>
  <html>
    <head>
      <meta name="viewport" content="width=device-width" />
      <title>
      </title>
    </head>
    <body>
      <div>
        todo: tophat
      </div>
      <div>
        <h1>
          consultations hub page goes here maybe.
        </h1>
      </div>
      <div>
        todo: footer
      </div>
    </body>
  </html>