// Jest Snapshot v1, https://goo.gl/fbAQLP

exports[`[ClientApp]  HeaderButton  should match snapshot 1`] = `
<Fragment>
  <Link
    replace={false}
    to="/22/review"
  >
    Hello
  </Link>
</Fragment>
`;
